[
    {
        "ID": "volume/123",
        "Description": "volume 123"
    }
]