NAME                STATUS
myName123           Running
