[
    {
        "ID": "123",
        "Name": "myName123",
        "Status": "Running"
    }
]