[
    {
        "ID": "123",
        "Name": "secret123",
        "Labels": null,
        "Description": "secret 1,2,3"
    }
]